// Jest Snapshot v1, https://goo.gl/fbAQLP

exports[`renders correctly CurrentSection 1`] = `
<div
  className="count-section"
>
  <span
    className="current-section current-section--double"
  >
    01
  </span>
  <span
    className="current-section"
  />
  <span
    className="current-section"
  />
</div>
`;
